// Jest Snapshot v1, https://goo.gl/fbAQLP

exports[`<CreateLocation /> matches snapshot 1`] = `
<div
  className="white-bg"
>
  <div
    className="formContainer"
  >
    <div
      className="Toastify"
    />
    <form
      className="flex-item"
    >
      <h3
        class="mb-32"
      >
        CREATE LOCATION
      </h3>
      <div>
        <label
          htmlFor="country"
        >
          Country
        </label>
        <div
          className="input-wrapper"
        >
          <div
            className="icon"
          >
            <img
              src=""
            />
          </div>
          <input
            className="form-control-accomodation"
            data-testid="create-location-country"
            id="country"
            name="country"
            onChange={[Function]}
            type="text"
            value=""
          />
        </div>
      </div>
      <div>
        <label
          htmlFor="province"
        >
          Province
        </label>
        <div
          className="input-wrapper"
        >
          <div
            className="icon"
          >
            <img
              src=""
            />
          </div>
          <input
            className="form-control-accomodation"
            data-testid="create-location-province"
            id="province"
            name="province"
            onChange={[Function]}
            type="text"
            value=""
          />
        </div>
      </div>
      <div>
        <label
          htmlFor="city"
        >
          City
        </label>
        <div
          className="input-wrapper"
        >
          <div
            className="icon"
          >
            <img
              src=""
            />
          </div>
          <input
            className="form-control-accomodation"
            data-testid="create-location-city"
            id="city"
            name="city"
            onChange={[Function]}
            type="text"
            value=""
          />
        </div>
      </div>
      <div
        className="buttons-wrapper"
      >
        <button
          className="save_location "
          data-testid="save-location"
          onClick={[Function]}
          value="save"
        >
          Save
        </button>
      </div>
    </form>
  </div>
</div>
`;
