// Jest Snapshot v1, https://goo.gl/fbAQLP

exports[`Connected Accommodation Component to React-Redux should render with given state from Redux store 1`] = `
<div
  className="mainContent"
  data-testid="update-1"
>
  <div
    className="accommodation-wrapper"
  >
    <div
      className="accommodations"
    />
    <div />
    <div />
    <div />
  </div>
</div>
`;
