// Jest Snapshot v1, https://goo.gl/fbAQLP

exports[`User role Dashboard  <UserRoleDash /> matches snapshot 1`] = `
<div
  className="Content"
  data-testid="assign-role"
>
  <div
    className="ContentContainer"
  >
    <div
      className="titleDashboard"
    >
      <div
        className="text"
      >
        <h4>
          Dashboard&gt;&gt;
        </h4>
        <h6
          data-testid="assign-roles"
        >
          Assign Role
        </h6>
      </div>
      <h4>
        Dashboard&gt;&gt;
      </h4>
    </div>
    <div
      className="contentBlock"
    >
      <p>
        Assign Role
      </p>
      <span
        className="MuiSkeleton-root MuiSkeleton-rectangle MuiSkeleton-wave css-1kcnzpi-MuiSkeleton-root"
        style={
          Object {
            "height": 800,
            "width": 1100,
          }
        }
      />
    </div>
  </div>
</div>
`;
